// Jest Snapshot v1, https://goo.gl/fbAQLP

exports[`<ToastProvider>
             <Toast
                id={1}
                icon={<IconCheck />}
                message='Matyan is an open-source, self-hosted ML experiment tracking tool'
               />
           </ToastProvider> Renders Correctly 1`] = `
<DocumentFragment>
  <div
    aria-label="Notifications (F8)"
    role="region"
    style=""
    tabindex="-1"
  >
    <span
      aria-hidden="true"
      style="position: fixed; border: 0px; width: 1px; height: 1px; padding: 0px; margin: -1px; overflow: hidden; clip: rect(0px, 0px, 0px, 0px); white-space: nowrap; word-wrap: normal;"
      tabindex="0"
    />
    <ol
      class="matyan-ui-c-djYNOp matyan-ui-c-djYNOp-lerouB-placement-bottomRight ToastViewport"
      tabindex="-1"
    >
      <li
        aria-atomic="true"
        aria-live="off"
        class="matyan-ui-c-gbzSVw matyan-ui-c-gbzSVw-jbqQyv-status-danger ToastRoot"
        data-radix-collection-item=""
        data-state="open"
        data-swipe-direction="right"
        role="status"
        style="user-select: none;"
        tabindex="0"
      >
        <span
          class="matyan-ui-c-fwLXun matyan-ui-c-fwLXun-iCWAjt-css"
        >
          <div
            class="matyan-ui-c-inGMmN matyan-ui-c-inGMmN-ifjEkWJ-css"
            data-testid="icon"
          >
            <i
              class="matyan-ui-c-dOCGJv matyan-ui-c-dOCGJv-kupcZn-size-lg"
            >
              &lt;svg xmlns="http://www.w3.org/2000/svg" class="icon icon-tabler icon-tabler-check" width="24" height="24" viewBox="0 0 24 24" stroke-width="2" stroke="currentColor" fill="none" stroke-linecap="round" stroke-linejoin="round"&gt;
  &lt;path stroke="none" d="M0 0h24v24H0z" fill="none"/&gt;
  &lt;path d="M5 12l5 5l10 -10" /&gt;
&lt;/svg&gt;
            </i>
          </div>
        </span>
        <div
          class="matyan-ui-c-cFjXjN"
        >
          MatyanOS is an easy-to-use modular observability for AI Systems. Extensible, scalable and modular.
        </div>
      </li>
    </ol>
    <span
      aria-hidden="true"
      style="position: fixed; border: 0px; width: 1px; height: 1px; padding: 0px; margin: -1px; overflow: hidden; clip: rect(0px, 0px, 0px, 0px); white-space: nowrap; word-wrap: normal;"
      tabindex="0"
    />
  </div>
</DocumentFragment>
`;
